e: file:///run/media/quynguyen/New%20Volume/PhatTrienUngDungTrenThietBiDiDong_Android/Blesstify/app/src/main/java/com/example/blesstify/domain/test/UseCasesTest.kt:3:30 Unresolved reference 'DataClass'.
e: file:///run/media/quynguyen/New%20Volume/PhatTrienUngDungTrenThietBiDiDong_Android/Blesstify/app/src/main/java/com/example/blesstify/domain/test/UseCasesTest.kt:4:30 Unresolved reference 'DataClass'.
e: file:///run/media/quynguyen/New%20Volume/PhatTrienUngDungTrenThietBiDiDong_Android/Blesstify/app/src/main/java/com/example/blesstify/domain/test/UseCasesTest.kt:5:30 Unresolved reference 'DataClass'.
e: file:///run/media/quynguyen/New%20Volume/PhatTrienUngDungTrenThietBiDiDong_Android/Blesstify/app/src/main/java/com/example/blesstify/domain/test/UseCasesTest.kt:6:30 Unresolved reference 'DataClass'.
e: file:///run/media/quynguyen/New%20Volume/PhatTrienUngDungTrenThietBiDiDong_Android/Blesstify/app/src/main/java/com/example/blesstify/domain/test/UseCasesTest.kt:17:27 Unresolved reference 'test'.
e: file:///run/media/quynguyen/New%20Volume/PhatTrienUngDungTrenThietBiDiDong_Android/Blesstify/app/src/main/java/com/example/blesstify/domain/test/UseCasesTest.kt:18:12 Unresolved reference 'junit'.
e: file:///run/media/quynguyen/New%20Volume/PhatTrienUngDungTrenThietBiDiDong_Android/Blesstify/app/src/main/java/com/example/blesstify/domain/test/UseCasesTest.kt:19:12 Unresolved reference 'junit'.
e: file:///run/media/quynguyen/New%20Volume/PhatTrienUngDungTrenThietBiDiDong_Android/Blesstify/app/src/main/java/com/example/blesstify/domain/test/UseCasesTest.kt:22:6 Unresolved reference 'Test'.
e: file:///run/media/quynguyen/New%20Volume/PhatTrienUngDungTrenThietBiDiDong_Android/Blesstify/app/src/main/java/com/example/blesstify/domain/test/UseCasesTest.kt:23:42 Unresolved reference 'runTest'.
e: file:///run/media/quynguyen/New%20Volume/PhatTrienUngDungTrenThietBiDiDong_Android/Blesstify/app/src/main/java/com/example/blesstify/domain/test/UseCasesTest.kt:24:30 Class '<anonymous>' is not abstract and does not implement abstract members:
e: file:///run/media/quynguyen/New%20Volume/PhatTrienUngDungTrenThietBiDiDong_Android/Blesstify/app/src/main/java/com/example/blesstify/domain/test/UseCasesTest.kt:33:57 Suspend function 'suspend fun <T> Flow<T>.first(): T' can only be called from a coroutine or another suspend function.
e: file:///run/media/quynguyen/New%20Volume/PhatTrienUngDungTrenThietBiDiDong_Android/Blesstify/app/src/main/java/com/example/blesstify/domain/test/UseCasesTest.kt:35:9 Unresolved reference 'assertEquals'.
e: file:///run/media/quynguyen/New%20Volume/PhatTrienUngDungTrenThietBiDiDong_Android/Blesstify/app/src/main/java/com/example/blesstify/domain/test/UseCasesTest.kt:38:6 Unresolved reference 'Test'.
e: file:///run/media/quynguyen/New%20Volume/PhatTrienUngDungTrenThietBiDiDong_Android/Blesstify/app/src/main/java/com/example/blesstify/domain/test/UseCasesTest.kt:39:41 Unresolved reference 'runTest'.
e: file:///run/media/quynguyen/New%20Volume/PhatTrienUngDungTrenThietBiDiDong_Android/Blesstify/app/src/main/java/com/example/blesstify/domain/test/UseCasesTest.kt:40:46 Unresolved reference 'Playlist'.
e: file:///run/media/quynguyen/New%20Volume/PhatTrienUngDungTrenThietBiDiDong_Android/Blesstify/app/src/main/java/com/example/blesstify/domain/test/UseCasesTest.kt:41:55 Unresolved reference 'PlaylistTrack'.
e: file:///run/media/quynguyen/New%20Volume/PhatTrienUngDungTrenThietBiDiDong_Android/Blesstify/app/src/main/java/com/example/blesstify/domain/test/UseCasesTest.kt:42:34 Class '<anonymous>' is not abstract and does not implement abstract members:
e: file:///run/media/quynguyen/New%20Volume/PhatTrienUngDungTrenThietBiDiDong_Android/Blesstify/app/src/main/java/com/example/blesstify/domain/test/UseCasesTest.kt:43:13 'createPlaylist' overrides nothing. Potential signatures for overriding:
e: file:///run/media/quynguyen/New%20Volume/PhatTrienUngDungTrenThietBiDiDong_Android/Blesstify/app/src/main/java/com/example/blesstify/domain/test/UseCasesTest.kt:43:59 Unresolved reference 'Playlist'.
e: file:///run/media/quynguyen/New%20Volume/PhatTrienUngDungTrenThietBiDiDong_Android/Blesstify/app/src/main/java/com/example/blesstify/domain/test/UseCasesTest.kt:44:39 Unresolved reference 'id'.
e: file:///run/media/quynguyen/New%20Volume/PhatTrienUngDungTrenThietBiDiDong_Android/Blesstify/app/src/main/java/com/example/blesstify/domain/test/UseCasesTest.kt:44:74 Unresolved reference 'id'.
e: file:///run/media/quynguyen/New%20Volume/PhatTrienUngDungTrenThietBiDiDong_Android/Blesstify/app/src/main/java/com/example/blesstify/domain/test/UseCasesTest.kt:45:17 Cannot infer type for this parameter. Specify it explicitly.
e: file:///run/media/quynguyen/New%20Volume/PhatTrienUngDungTrenThietBiDiDong_Android/Blesstify/app/src/main/java/com/example/blesstify/domain/test/UseCasesTest.kt:45:42 Unresolved reference 'copy'.
e: file:///run/media/quynguyen/New%20Volume/PhatTrienUngDungTrenThietBiDiDong_Android/Blesstify/app/src/main/java/com/example/blesstify/domain/test/UseCasesTest.kt:49:13 'updatePlaylist' overrides nothing. Potential signatures for overriding:
e: file:///run/media/quynguyen/New%20Volume/PhatTrienUngDungTrenThietBiDiDong_Android/Blesstify/app/src/main/java/com/example/blesstify/domain/test/UseCasesTest.kt:49:59 Unresolved reference 'Playlist'.
e: file:///run/media/quynguyen/New%20Volume/PhatTrienUngDungTrenThietBiDiDong_Android/Blesstify/app/src/main/java/com/example/blesstify/domain/test/UseCasesTest.kt:50:17 Cannot infer type for this parameter. Specify it explicitly.
e: file:///run/media/quynguyen/New%20Volume/PhatTrienUngDungTrenThietBiDiDong_Android/Blesstify/app/src/main/java/com/example/blesstify/domain/test/UseCasesTest.kt:50:36 Unresolved reference 'id'.
e: file:///run/media/quynguyen/New%20Volume/PhatTrienUngDungTrenThietBiDiDong_Android/Blesstify/app/src/main/java/com/example/blesstify/domain/test/UseCasesTest.kt:53:66 Return type of 'getPublicPlaylists' is not a subtype of the return type of the overridden member 'suspend fun getPublicPlaylists(limit: Int = ...): List<Playlist>' defined in 'com/example/blesstify/domain/repository/PlaylistRepository'.
e: file:///run/media/quynguyen/New%20Volume/PhatTrienUngDungTrenThietBiDiDong_Android/Blesstify/app/src/main/java/com/example/blesstify/domain/test/UseCasesTest.kt:53:71 Unresolved reference 'Playlist'.
e: file:///run/media/quynguyen/New%20Volume/PhatTrienUngDungTrenThietBiDiDong_Android/Blesstify/app/src/main/java/com/example/blesstify/domain/test/UseCasesTest.kt:54:34 Cannot infer type for this parameter. Specify it explicitly.
e: file:///run/media/quynguyen/New%20Volume/PhatTrienUngDungTrenThietBiDiDong_Android/Blesstify/app/src/main/java/com/example/blesstify/domain/test/UseCasesTest.kt:54:34 Not enough information to infer type argument for 'T'.
e: file:///run/media/quynguyen/New%20Volume/PhatTrienUngDungTrenThietBiDiDong_Android/Blesstify/app/src/main/java/com/example/blesstify/domain/test/UseCasesTest.kt:54:41 Cannot infer type for this parameter. Specify it explicitly.
e: file:///run/media/quynguyen/New%20Volume/PhatTrienUngDungTrenThietBiDiDong_Android/Blesstify/app/src/main/java/com/example/blesstify/domain/test/UseCasesTest.kt:54:46 Unresolved reference 'isPublic'.
e: file:///run/media/quynguyen/New%20Volume/PhatTrienUngDungTrenThietBiDiDong_Android/Blesstify/app/src/main/java/com/example/blesstify/domain/test/UseCasesTest.kt:54:57 Cannot infer type for this parameter. Specify it explicitly.
e: file:///run/media/quynguyen/New%20Volume/PhatTrienUngDungTrenThietBiDiDong_Android/Blesstify/app/src/main/java/com/example/blesstify/domain/test/UseCasesTest.kt:54:57 Not enough information to infer type argument for 'T'.
e: file:///run/media/quynguyen/New%20Volume/PhatTrienUngDungTrenThietBiDiDong_Android/Blesstify/app/src/main/java/com/example/blesstify/domain/test/UseCasesTest.kt:56:80 Return type of 'getUserPlaylists' is not a subtype of the return type of the overridden member 'suspend fun getUserPlaylists(userId: String, limit: Int = ...): List<Playlist>' defined in 'com/example/blesstify/domain/repository/PlaylistRepository'.
e: file:///run/media/quynguyen/New%20Volume/PhatTrienUngDungTrenThietBiDiDong_Android/Blesstify/app/src/main/java/com/example/blesstify/domain/test/UseCasesTest.kt:56:85 Unresolved reference 'Playlist'.
e: file:///run/media/quynguyen/New%20Volume/PhatTrienUngDungTrenThietBiDiDong_Android/Blesstify/app/src/main/java/com/example/blesstify/domain/test/UseCasesTest.kt:57:34 Cannot infer type for this parameter. Specify it explicitly.
e: file:///run/media/quynguyen/New%20Volume/PhatTrienUngDungTrenThietBiDiDong_Android/Blesstify/app/src/main/java/com/example/blesstify/domain/test/UseCasesTest.kt:57:34 Not enough information to infer type argument for 'T'.
e: file:///run/media/quynguyen/New%20Volume/PhatTrienUngDungTrenThietBiDiDong_Android/Blesstify/app/src/main/java/com/example/blesstify/domain/test/UseCasesTest.kt:57:41 Cannot infer type for this parameter. Specify it explicitly.
e: file:///run/media/quynguyen/New%20Volume/PhatTrienUngDungTrenThietBiDiDong_Android/Blesstify/app/src/main/java/com/example/blesstify/domain/test/UseCasesTest.kt:57:46 Unresolved reference 'ownerId'.
e: file:///run/media/quynguyen/New%20Volume/PhatTrienUngDungTrenThietBiDiDong_Android/Blesstify/app/src/main/java/com/example/blesstify/domain/test/UseCasesTest.kt:57:66 Cannot infer type for this parameter. Specify it explicitly.
e: file:///run/media/quynguyen/New%20Volume/PhatTrienUngDungTrenThietBiDiDong_Android/Blesstify/app/src/main/java/com/example/blesstify/domain/test/UseCasesTest.kt:57:66 Not enough information to infer type argument for 'T'.
e: file:///run/media/quynguyen/New%20Volume/PhatTrienUngDungTrenThietBiDiDong_Android/Blesstify/app/src/main/java/com/example/blesstify/domain/test/UseCasesTest.kt:59:13 'addTrack' overrides nothing. Potential signatures for overriding:
e: file:///run/media/quynguyen/New%20Volume/PhatTrienUngDungTrenThietBiDiDong_Android/Blesstify/app/src/main/java/com/example/blesstify/domain/test/UseCasesTest.kt:59:70 Unresolved reference 'PlaylistTrack'.
e: file:///run/media/quynguyen/New%20Volume/PhatTrienUngDungTrenThietBiDiDong_Android/Blesstify/app/src/main/java/com/example/blesstify/domain/test/UseCasesTest.kt:60:58 Cannot infer type for this parameter. Specify it explicitly.
e: file:///run/media/quynguyen/New%20Volume/PhatTrienUngDungTrenThietBiDiDong_Android/Blesstify/app/src/main/java/com/example/blesstify/domain/test/UseCasesTest.kt:60:58 Return type mismatch: expected 'MutableList<ERROR CLASS: Symbol not found for PlaylistTrack>', actual 'MutableList<uninferred T (of fun <T> mutableListOf)>'.
e: file:///run/media/quynguyen/New%20Volume/PhatTrienUngDungTrenThietBiDiDong_Android/Blesstify/app/src/main/java/com/example/blesstify/domain/test/UseCasesTest.kt:65:47 Argument type mismatch: actual type is 'Function0<Boolean>', but 'Collection<ERROR CLASS: Symbol not found for PlaylistTrack>' was expected.
e: file:///run/media/quynguyen/New%20Volume/PhatTrienUngDungTrenThietBiDiDong_Android/Blesstify/app/src/main/java/com/example/blesstify/domain/test/UseCasesTest.kt:65:49 Unresolved reference 'it'.
e: file:///run/media/quynguyen/New%20Volume/PhatTrienUngDungTrenThietBiDiDong_Android/Blesstify/app/src/main/java/com/example/blesstify/domain/test/UseCasesTest.kt:68:65 Return type of 'getTracks' is not a subtype of the return type of the overridden member 'suspend fun getTracks(playlistId: String): List<PlaylistTrack>' defined in 'com/example/blesstify/domain/repository/PlaylistRepository'.
e: file:///run/media/quynguyen/New%20Volume/PhatTrienUngDungTrenThietBiDiDong_Android/Blesstify/app/src/main/java/com/example/blesstify/domain/test/UseCasesTest.kt:68:70 Unresolved reference 'PlaylistTrack'.
e: file:///run/media/quynguyen/New%20Volume/PhatTrienUngDungTrenThietBiDiDong_Android/Blesstify/app/src/main/java/com/example/blesstify/domain/test/UseCasesTest.kt:69:37 Cannot infer type for this parameter. Specify it explicitly.
e: file:///run/media/quynguyen/New%20Volume/PhatTrienUngDungTrenThietBiDiDong_Android/Blesstify/app/src/main/java/com/example/blesstify/domain/test/UseCasesTest.kt:69:37 Unresolved reference. None of the following candidates is applicable because of a receiver type mismatch:
e: file:///run/media/quynguyen/New%20Volume/PhatTrienUngDungTrenThietBiDiDong_Android/Blesstify/app/src/main/java/com/example/blesstify/domain/test/UseCasesTest.kt:69:46 Cannot infer type for this parameter. Specify it explicitly.
e: file:///run/media/quynguyen/New%20Volume/PhatTrienUngDungTrenThietBiDiDong_Android/Blesstify/app/src/main/java/com/example/blesstify/domain/test/UseCasesTest.kt:69:46 Not enough information to infer type argument for 'T'.
e: file:///run/media/quynguyen/New%20Volume/PhatTrienUngDungTrenThietBiDiDong_Android/Blesstify/app/src/main/java/com/example/blesstify/domain/test/UseCasesTest.kt:76:26 Suspend function 'suspend fun invoke(playlist: Playlist): String' can only be called from a coroutine or another suspend function.
e: file:///run/media/quynguyen/New%20Volume/PhatTrienUngDungTrenThietBiDiDong_Android/Blesstify/app/src/main/java/com/example/blesstify/domain/test/UseCasesTest.kt:76:33 Unresolved reference 'Playlist'.
e: file:///run/media/quynguyen/New%20Volume/PhatTrienUngDungTrenThietBiDiDong_Android/Blesstify/app/src/main/java/com/example/blesstify/domain/test/UseCasesTest.kt:77:9 Suspend function 'suspend fun invoke(playlistId: String, track: PlaylistTrack): Unit' can only be called from a coroutine or another suspend function.
e: file:///run/media/quynguyen/New%20Volume/PhatTrienUngDungTrenThietBiDiDong_Android/Blesstify/app/src/main/java/com/example/blesstify/domain/test/UseCasesTest.kt:77:30 Unresolved reference 'PlaylistTrack'.
e: file:///run/media/quynguyen/New%20Volume/PhatTrienUngDungTrenThietBiDiDong_Android/Blesstify/app/src/main/java/com/example/blesstify/domain/test/UseCasesTest.kt:79:22 Suspend function 'suspend fun invoke(playlistId: String): List<PlaylistTrack>' can only be called from a coroutine or another suspend function.
e: file:///run/media/quynguyen/New%20Volume/PhatTrienUngDungTrenThietBiDiDong_Android/Blesstify/app/src/main/java/com/example/blesstify/domain/test/UseCasesTest.kt:80:9 Unresolved reference 'assertEquals'.
e: file:///run/media/quynguyen/New%20Volume/PhatTrienUngDungTrenThietBiDiDong_Android/Blesstify/app/src/main/java/com/example/blesstify/domain/test/UseCasesTest.kt:81:9 Unresolved reference 'assertEquals'.
e: file:///run/media/quynguyen/New%20Volume/PhatTrienUngDungTrenThietBiDiDong_Android/Blesstify/app/src/main/java/com/example/blesstify/domain/test/UseCasesTest.kt:84:6 Unresolved reference 'Test'.
e: file:///run/media/quynguyen/New%20Volume/PhatTrienUngDungTrenThietBiDiDong_Android/Blesstify/app/src/main/java/com/example/blesstify/domain/test/UseCasesTest.kt:85:51 Unresolved reference 'runTest'.
e: file:///run/media/quynguyen/New%20Volume/PhatTrienUngDungTrenThietBiDiDong_Android/Blesstify/app/src/main/java/com/example/blesstify/domain/test/UseCasesTest.kt:92:33 Class '<anonymous>' is not abstract and does not implement abstract member:
e: file:///run/media/quynguyen/New%20Volume/PhatTrienUngDungTrenThietBiDiDong_Android/Blesstify/app/src/main/java/com/example/blesstify/domain/test/UseCasesTest.kt:93:49 Unresolved reference 'ListeningHistory'.
e: file:///run/media/quynguyen/New%20Volume/PhatTrienUngDungTrenThietBiDiDong_Android/Blesstify/app/src/main/java/com/example/blesstify/domain/test/UseCasesTest.kt:94:13 'logHistory' overrides nothing. Potential signatures for overriding:
e: file:///run/media/quynguyen/New%20Volume/PhatTrienUngDungTrenThietBiDiDong_Android/Blesstify/app/src/main/java/com/example/blesstify/domain/test/UseCasesTest.kt:94:67 Unresolved reference 'ListeningHistory'.
e: file:///run/media/quynguyen/New%20Volume/PhatTrienUngDungTrenThietBiDiDong_Android/Blesstify/app/src/main/java/com/example/blesstify/domain/test/UseCasesTest.kt:95:74 Return type of 'getHistory' is not a subtype of the return type of the overridden member 'suspend fun getHistory(userId: String, limit: Int = ...): List<ListeningHistory>' defined in 'com/example/blesstify/domain/repository/HistoryRepository'.
e: file:///run/media/quynguyen/New%20Volume/PhatTrienUngDungTrenThietBiDiDong_Android/Blesstify/app/src/main/java/com/example/blesstify/domain/test/UseCasesTest.kt:95:79 Unresolved reference 'ListeningHistory'.
e: file:///run/media/quynguyen/New%20Volume/PhatTrienUngDungTrenThietBiDiDong_Android/Blesstify/app/src/main/java/com/example/blesstify/domain/test/UseCasesTest.kt:95:107 Cannot infer type for this parameter. Specify it explicitly.
e: file:///run/media/quynguyen/New%20Volume/PhatTrienUngDungTrenThietBiDiDong_Android/Blesstify/app/src/main/java/com/example/blesstify/domain/test/UseCasesTest.kt:95:107 Not enough information to infer type argument for 'T'.
e: file:///run/media/quynguyen/New%20Volume/PhatTrienUngDungTrenThietBiDiDong_Android/Blesstify/app/src/main/java/com/example/blesstify/domain/test/UseCasesTest.kt:101:59 Unresolved reference 'Song'.
e: file:///run/media/quynguyen/New%20Volume/PhatTrienUngDungTrenThietBiDiDong_Android/Blesstify/app/src/main/java/com/example/blesstify/domain/test/UseCasesTest.kt:101:67 Unresolved reference 'Song'.
e: file:///run/media/quynguyen/New%20Volume/PhatTrienUngDungTrenThietBiDiDong_Android/Blesstify/app/src/main/java/com/example/blesstify/domain/test/UseCasesTest.kt:102:72 Return type of 'getSongsByIds' is not a subtype of the return type of the overridden member 'suspend fun getSongsByIds(songIds: List<String>): List<Song>' defined in 'com/example/blesstify/domain/repository/SongRepository'.
e: file:///run/media/quynguyen/New%20Volume/PhatTrienUngDungTrenThietBiDiDong_Android/Blesstify/app/src/main/java/com/example/blesstify/domain/test/UseCasesTest.kt:102:77 Unresolved reference 'Song'.
e: file:///run/media/quynguyen/New%20Volume/PhatTrienUngDungTrenThietBiDiDong_Android/Blesstify/app/src/main/java/com/example/blesstify/domain/test/UseCasesTest.kt:102:93 Cannot infer type for this parameter. Specify it explicitly.
e: file:///run/media/quynguyen/New%20Volume/PhatTrienUngDungTrenThietBiDiDong_Android/Blesstify/app/src/main/java/com/example/blesstify/domain/test/UseCasesTest.kt:102:99 Unresolved reference 'Song'.
e: file:///run/media/quynguyen/New%20Volume/PhatTrienUngDungTrenThietBiDiDong_Android/Blesstify/app/src/main/java/com/example/blesstify/domain/test/UseCasesTest.kt:112:9 Suspend function 'suspend fun invoke(userId: String, songId: String): Unit' can only be called from a coroutine or another suspend function.
e: file:///run/media/quynguyen/New%20Volume/PhatTrienUngDungTrenThietBiDiDong_Android/Blesstify/app/src/main/java/com/example/blesstify/domain/test/UseCasesTest.kt:113:9 Suspend function 'suspend fun invoke(userId: String, item: ListeningHistory): Unit' can only be called from a coroutine or another suspend function.
e: file:///run/media/quynguyen/New%20Volume/PhatTrienUngDungTrenThietBiDiDong_Android/Blesstify/app/src/main/java/com/example/blesstify/domain/test/UseCasesTest.kt:113:30 Unresolved reference 'ListeningHistory'.
e: file:///run/media/quynguyen/New%20Volume/PhatTrienUngDungTrenThietBiDiDong_Android/Blesstify/app/src/main/java/com/example/blesstify/domain/test/UseCasesTest.kt:115:9 Unresolved reference 'assertEquals'.
e: file:///run/media/quynguyen/New%20Volume/PhatTrienUngDungTrenThietBiDiDong_Android/Blesstify/app/src/main/java/com/example/blesstify/domain/test/UseCasesTest.kt:115:40 Suspend function 'suspend fun invoke(userId: String): List<String>' can only be called from a coroutine or another suspend function.
e: file:///run/media/quynguyen/New%20Volume/PhatTrienUngDungTrenThietBiDiDong_Android/Blesstify/app/src/main/java/com/example/blesstify/domain/test/UseCasesTest.kt:116:9 Unresolved reference 'assertEquals'.
e: file:///run/media/quynguyen/New%20Volume/PhatTrienUngDungTrenThietBiDiDong_Android/Blesstify/app/src/main/java/com/example/blesstify/domain/test/UseCasesTest.kt:116:25 Suspend function 'suspend fun invoke(userId: String, limit: Int = ...): List<ListeningHistory>' can only be called from a coroutine or another suspend function.
e: file:///run/media/quynguyen/New%20Volume/PhatTrienUngDungTrenThietBiDiDong_Android/Blesstify/app/src/main/java/com/example/blesstify/domain/test/UseCasesTest.kt:117:9 Unresolved reference 'assertEquals'.
e: file:///run/media/quynguyen/New%20Volume/PhatTrienUngDungTrenThietBiDiDong_Android/Blesstify/app/src/main/java/com/example/blesstify/domain/test/UseCasesTest.kt:117:28 Suspend function 'suspend fun invoke(userId: String): Recommendation?' can only be called from a coroutine or another suspend function.
e: file:///run/media/quynguyen/New%20Volume/PhatTrienUngDungTrenThietBiDiDong_Android/Blesstify/app/src/main/java/com/example/blesstify/domain/test/UseCasesTest.kt:118:9 Unresolved reference 'assertEquals'.
e: file:///run/media/quynguyen/New%20Volume/PhatTrienUngDungTrenThietBiDiDong_Android/Blesstify/app/src/main/java/com/example/blesstify/domain/test/UseCasesTest.kt:118:32 Suspend function 'suspend fun invoke(songId: String): Song?' can only be called from a coroutine or another suspend function.
e: file:///run/media/quynguyen/New%20Volume/PhatTrienUngDungTrenThietBiDiDong_Android/Blesstify/app/src/main/java/com/example/blesstify/ui/navigation/BlesstifyNavGraph.kt:67:17 No value passed for parameter 'onNavigateToMain'.
e: file:///run/media/quynguyen/New%20Volume/PhatTrienUngDungTrenThietBiDiDong_Android/Blesstify/app/src/main/java/com/example/blesstify/domain/test/UseCasesTest.kt:3:30 Unresolved reference 'DataClass'.
e: file:///run/media/quynguyen/New%20Volume/PhatTrienUngDungTrenThietBiDiDong_Android/Blesstify/app/src/main/java/com/example/blesstify/domain/test/UseCasesTest.kt:4:30 Unresolved reference 'DataClass'.
e: file:///run/media/quynguyen/New%20Volume/PhatTrienUngDungTrenThietBiDiDong_Android/Blesstify/app/src/main/java/com/example/blesstify/domain/test/UseCasesTest.kt:5:30 Unresolved reference 'DataClass'.
e: file:///run/media/quynguyen/New%20Volume/PhatTrienUngDungTrenThietBiDiDong_Android/Blesstify/app/src/main/java/com/example/blesstify/domain/test/UseCasesTest.kt:6:30 Unresolved reference 'DataClass'.
e: file:///run/media/quynguyen/New%20Volume/PhatTrienUngDungTrenThietBiDiDong_Android/Blesstify/app/src/main/java/com/example/blesstify/domain/test/UseCasesTest.kt:17:27 Unresolved reference 'test'.
e: file:///run/media/quynguyen/New%20Volume/PhatTrienUngDungTrenThietBiDiDong_Android/Blesstify/app/src/main/java/com/example/blesstify/domain/test/UseCasesTest.kt:18:12 Unresolved reference 'junit'.
e: file:///run/media/quynguyen/New%20Volume/PhatTrienUngDungTrenThietBiDiDong_Android/Blesstify/app/src/main/java/com/example/blesstify/domain/test/UseCasesTest.kt:19:12 Unresolved reference 'junit'.
e: file:///run/media/quynguyen/New%20Volume/PhatTrienUngDungTrenThietBiDiDong_Android/Blesstify/app/src/main/java/com/example/blesstify/domain/test/UseCasesTest.kt:22:6 Unresolved reference 'Test'.
e: file:///run/media/quynguyen/New%20Volume/PhatTrienUngDungTrenThietBiDiDong_Android/Blesstify/app/src/main/java/com/example/blesstify/domain/test/UseCasesTest.kt:23:42 Unresolved reference 'runTest'.
e: file:///run/media/quynguyen/New%20Volume/PhatTrienUngDungTrenThietBiDiDong_Android/Blesstify/app/src/main/java/com/example/blesstify/domain/test/UseCasesTest.kt:24:30 Class '<anonymous>' is not abstract and does not implement abstract members:
e: file:///run/media/quynguyen/New%20Volume/PhatTrienUngDungTrenThietBiDiDong_Android/Blesstify/app/src/main/java/com/example/blesstify/domain/test/UseCasesTest.kt:33:57 Suspend function 'suspend fun <T> Flow<T>.first(): T' can only be called from a coroutine or another suspend function.
e: file:///run/media/quynguyen/New%20Volume/PhatTrienUngDungTrenThietBiDiDong_Android/Blesstify/app/src/main/java/com/example/blesstify/domain/test/UseCasesTest.kt:35:9 Unresolved reference 'assertEquals'.
e: file:///run/media/quynguyen/New%20Volume/PhatTrienUngDungTrenThietBiDiDong_Android/Blesstify/app/src/main/java/com/example/blesstify/domain/test/UseCasesTest.kt:38:6 Unresolved reference 'Test'.
e: file:///run/media/quynguyen/New%20Volume/PhatTrienUngDungTrenThietBiDiDong_Android/Blesstify/app/src/main/java/com/example/blesstify/domain/test/UseCasesTest.kt:39:41 Unresolved reference 'runTest'.
e: file:///run/media/quynguyen/New%20Volume/PhatTrienUngDungTrenThietBiDiDong_Android/Blesstify/app/src/main/java/com/example/blesstify/domain/test/UseCasesTest.kt:40:46 Unresolved reference 'Playlist'.
e: file:///run/media/quynguyen/New%20Volume/PhatTrienUngDungTrenThietBiDiDong_Android/Blesstify/app/src/main/java/com/example/blesstify/domain/test/UseCasesTest.kt:41:55 Unresolved reference 'PlaylistTrack'.
e: file:///run/media/quynguyen/New%20Volume/PhatTrienUngDungTrenThietBiDiDong_Android/Blesstify/app/src/main/java/com/example/blesstify/domain/test/UseCasesTest.kt:42:34 Class '<anonymous>' is not abstract and does not implement abstract members:
e: file:///run/media/quynguyen/New%20Volume/PhatTrienUngDungTrenThietBiDiDong_Android/Blesstify/app/src/main/java/com/example/blesstify/domain/test/UseCasesTest.kt:43:13 'createPlaylist' overrides nothing. Potential signatures for overriding:
e: file:///run/media/quynguyen/New%20Volume/PhatTrienUngDungTrenThietBiDiDong_Android/Blesstify/app/src/main/java/com/example/blesstify/domain/test/UseCasesTest.kt:43:59 Unresolved reference 'Playlist'.
e: file:///run/media/quynguyen/New%20Volume/PhatTrienUngDungTrenThietBiDiDong_Android/Blesstify/app/src/main/java/com/example/blesstify/domain/test/UseCasesTest.kt:44:39 Unresolved reference 'id'.
e: file:///run/media/quynguyen/New%20Volume/PhatTrienUngDungTrenThietBiDiDong_Android/Blesstify/app/src/main/java/com/example/blesstify/domain/test/UseCasesTest.kt:44:74 Unresolved reference 'id'.
e: file:///run/media/quynguyen/New%20Volume/PhatTrienUngDungTrenThietBiDiDong_Android/Blesstify/app/src/main/java/com/example/blesstify/domain/test/UseCasesTest.kt:45:17 Cannot infer type for this parameter. Specify it explicitly.
e: file:///run/media/quynguyen/New%20Volume/PhatTrienUngDungTrenThietBiDiDong_Android/Blesstify/app/src/main/java/com/example/blesstify/domain/test/UseCasesTest.kt:45:42 Unresolved reference 'copy'.
e: file:///run/media/quynguyen/New%20Volume/PhatTrienUngDungTrenThietBiDiDong_Android/Blesstify/app/src/main/java/com/example/blesstify/domain/test/UseCasesTest.kt:49:13 'updatePlaylist' overrides nothing. Potential signatures for overriding:
e: file:///run/media/quynguyen/New%20Volume/PhatTrienUngDungTrenThietBiDiDong_Android/Blesstify/app/src/main/java/com/example/blesstify/domain/test/UseCasesTest.kt:49:59 Unresolved reference 'Playlist'.
e: file:///run/media/quynguyen/New%20Volume/PhatTrienUngDungTrenThietBiDiDong_Android/Blesstify/app/src/main/java/com/example/blesstify/domain/test/UseCasesTest.kt:50:17 Cannot infer type for this parameter. Specify it explicitly.
e: file:///run/media/quynguyen/New%20Volume/PhatTrienUngDungTrenThietBiDiDong_Android/Blesstify/app/src/main/java/com/example/blesstify/domain/test/UseCasesTest.kt:50:36 Unresolved reference 'id'.
e: file:///run/media/quynguyen/New%20Volume/PhatTrienUngDungTrenThietBiDiDong_Android/Blesstify/app/src/main/java/com/example/blesstify/domain/test/UseCasesTest.kt:53:66 Return type of 'getPublicPlaylists' is not a subtype of the return type of the overridden member 'suspend fun getPublicPlaylists(limit: Int = ...): List<Playlist>' defined in 'com/example/blesstify/domain/repository/PlaylistRepository'.
e: file:///run/media/quynguyen/New%20Volume/PhatTrienUngDungTrenThietBiDiDong_Android/Blesstify/app/src/main/java/com/example/blesstify/domain/test/UseCasesTest.kt:53:71 Unresolved reference 'Playlist'.
e: file:///run/media/quynguyen/New%20Volume/PhatTrienUngDungTrenThietBiDiDong_Android/Blesstify/app/src/main/java/com/example/blesstify/domain/test/UseCasesTest.kt:54:34 Cannot infer type for this parameter. Specify it explicitly.
e: file:///run/media/quynguyen/New%20Volume/PhatTrienUngDungTrenThietBiDiDong_Android/Blesstify/app/src/main/java/com/example/blesstify/domain/test/UseCasesTest.kt:54:34 Not enough information to infer type argument for 'T'.
e: file:///run/media/quynguyen/New%20Volume/PhatTrienUngDungTrenThietBiDiDong_Android/Blesstify/app/src/main/java/com/example/blesstify/domain/test/UseCasesTest.kt:54:41 Cannot infer type for this parameter. Specify it explicitly.
e: file:///run/media/quynguyen/New%20Volume/PhatTrienUngDungTrenThietBiDiDong_Android/Blesstify/app/src/main/java/com/example/blesstify/domain/test/UseCasesTest.kt:54:46 Unresolved reference 'isPublic'.
e: file:///run/media/quynguyen/New%20Volume/PhatTrienUngDungTrenThietBiDiDong_Android/Blesstify/app/src/main/java/com/example/blesstify/domain/test/UseCasesTest.kt:54:57 Cannot infer type for this parameter. Specify it explicitly.
e: file:///run/media/quynguyen/New%20Volume/PhatTrienUngDungTrenThietBiDiDong_Android/Blesstify/app/src/main/java/com/example/blesstify/domain/test/UseCasesTest.kt:54:57 Not enough information to infer type argument for 'T'.
e: file:///run/media/quynguyen/New%20Volume/PhatTrienUngDungTrenThietBiDiDong_Android/Blesstify/app/src/main/java/com/example/blesstify/domain/test/UseCasesTest.kt:56:80 Return type of 'getUserPlaylists' is not a subtype of the return type of the overridden member 'suspend fun getUserPlaylists(userId: String, limit: Int = ...): List<Playlist>' defined in 'com/example/blesstify/domain/repository/PlaylistRepository'.
e: file:///run/media/quynguyen/New%20Volume/PhatTrienUngDungTrenThietBiDiDong_Android/Blesstify/app/src/main/java/com/example/blesstify/domain/test/UseCasesTest.kt:56:85 Unresolved reference 'Playlist'.
e: file:///run/media/quynguyen/New%20Volume/PhatTrienUngDungTrenThietBiDiDong_Android/Blesstify/app/src/main/java/com/example/blesstify/domain/test/UseCasesTest.kt:57:34 Cannot infer type for this parameter. Specify it explicitly.
e: file:///run/media/quynguyen/New%20Volume/PhatTrienUngDungTrenThietBiDiDong_Android/Blesstify/app/src/main/java/com/example/blesstify/domain/test/UseCasesTest.kt:57:34 Not enough information to infer type argument for 'T'.
e: file:///run/media/quynguyen/New%20Volume/PhatTrienUngDungTrenThietBiDiDong_Android/Blesstify/app/src/main/java/com/example/blesstify/domain/test/UseCasesTest.kt:57:41 Cannot infer type for this parameter. Specify it explicitly.
e: file:///run/media/quynguyen/New%20Volume/PhatTrienUngDungTrenThietBiDiDong_Android/Blesstify/app/src/main/java/com/example/blesstify/domain/test/UseCasesTest.kt:57:46 Unresolved reference 'ownerId'.
e: file:///run/media/quynguyen/New%20Volume/PhatTrienUngDungTrenThietBiDiDong_Android/Blesstify/app/src/main/java/com/example/blesstify/domain/test/UseCasesTest.kt:57:66 Cannot infer type for this parameter. Specify it explicitly.
e: file:///run/media/quynguyen/New%20Volume/PhatTrienUngDungTrenThietBiDiDong_Android/Blesstify/app/src/main/java/com/example/blesstify/domain/test/UseCasesTest.kt:57:66 Not enough information to infer type argument for 'T'.
e: file:///run/media/quynguyen/New%20Volume/PhatTrienUngDungTrenThietBiDiDong_Android/Blesstify/app/src/main/java/com/example/blesstify/domain/test/UseCasesTest.kt:59:13 'addTrack' overrides nothing. Potential signatures for overriding:
e: file:///run/media/quynguyen/New%20Volume/PhatTrienUngDungTrenThietBiDiDong_Android/Blesstify/app/src/main/java/com/example/blesstify/domain/test/UseCasesTest.kt:59:70 Unresolved reference 'PlaylistTrack'.
e: file:///run/media/quynguyen/New%20Volume/PhatTrienUngDungTrenThietBiDiDong_Android/Blesstify/app/src/main/java/com/example/blesstify/domain/test/UseCasesTest.kt:60:58 Cannot infer type for this parameter. Specify it explicitly.
e: file:///run/media/quynguyen/New%20Volume/PhatTrienUngDungTrenThietBiDiDong_Android/Blesstify/app/src/main/java/com/example/blesstify/domain/test/UseCasesTest.kt:60:58 Return type mismatch: expected 'MutableList<ERROR CLASS: Symbol not found for PlaylistTrack>', actual 'MutableList<uninferred T (of fun <T> mutableListOf)>'.
e: file:///run/media/quynguyen/New%20Volume/PhatTrienUngDungTrenThietBiDiDong_Android/Blesstify/app/src/main/java/com/example/blesstify/domain/test/UseCasesTest.kt:65:47 Argument type mismatch: actual type is 'Function0<Boolean>', but 'Collection<ERROR CLASS: Symbol not found for PlaylistTrack>' was expected.
e: file:///run/media/quynguyen/New%20Volume/PhatTrienUngDungTrenThietBiDiDong_Android/Blesstify/app/src/main/java/com/example/blesstify/domain/test/UseCasesTest.kt:65:49 Unresolved reference 'it'.
e: file:///run/media/quynguyen/New%20Volume/PhatTrienUngDungTrenThietBiDiDong_Android/Blesstify/app/src/main/java/com/example/blesstify/domain/test/UseCasesTest.kt:68:65 Return type of 'getTracks' is not a subtype of the return type of the overridden member 'suspend fun getTracks(playlistId: String): List<PlaylistTrack>' defined in 'com/example/blesstify/domain/repository/PlaylistRepository'.
e: file:///run/media/quynguyen/New%20Volume/PhatTrienUngDungTrenThietBiDiDong_Android/Blesstify/app/src/main/java/com/example/blesstify/domain/test/UseCasesTest.kt:68:70 Unresolved reference 'PlaylistTrack'.
e: file:///run/media/quynguyen/New%20Volume/PhatTrienUngDungTrenThietBiDiDong_Android/Blesstify/app/src/main/java/com/example/blesstify/domain/test/UseCasesTest.kt:69:37 Cannot infer type for this parameter. Specify it explicitly.
e: file:///run/media/quynguyen/New%20Volume/PhatTrienUngDungTrenThietBiDiDong_Android/Blesstify/app/src/main/java/com/example/blesstify/domain/test/UseCasesTest.kt:69:37 Unresolved reference. None of the following candidates is applicable because of a receiver type mismatch:
e: file:///run/media/quynguyen/New%20Volume/PhatTrienUngDungTrenThietBiDiDong_Android/Blesstify/app/src/main/java/com/example/blesstify/domain/test/UseCasesTest.kt:69:46 Cannot infer type for this parameter. Specify it explicitly.
e: file:///run/media/quynguyen/New%20Volume/PhatTrienUngDungTrenThietBiDiDong_Android/Blesstify/app/src/main/java/com/example/blesstify/domain/test/UseCasesTest.kt:69:46 Not enough information to infer type argument for 'T'.
e: file:///run/media/quynguyen/New%20Volume/PhatTrienUngDungTrenThietBiDiDong_Android/Blesstify/app/src/main/java/com/example/blesstify/domain/test/UseCasesTest.kt:76:26 Suspend function 'suspend fun invoke(playlist: Playlist): String' can only be called from a coroutine or another suspend function.
e: file:///run/media/quynguyen/New%20Volume/PhatTrienUngDungTrenThietBiDiDong_Android/Blesstify/app/src/main/java/com/example/blesstify/domain/test/UseCasesTest.kt:76:33 Unresolved reference 'Playlist'.
e: file:///run/media/quynguyen/New%20Volume/PhatTrienUngDungTrenThietBiDiDong_Android/Blesstify/app/src/main/java/com/example/blesstify/domain/test/UseCasesTest.kt:77:9 Suspend function 'suspend fun invoke(playlistId: String, track: PlaylistTrack): Unit' can only be called from a coroutine or another suspend function.
e: file:///run/media/quynguyen/New%20Volume/PhatTrienUngDungTrenThietBiDiDong_Android/Blesstify/app/src/main/java/com/example/blesstify/domain/test/UseCasesTest.kt:77:30 Unresolved reference 'PlaylistTrack'.
e: file:///run/media/quynguyen/New%20Volume/PhatTrienUngDungTrenThietBiDiDong_Android/Blesstify/app/src/main/java/com/example/blesstify/domain/test/UseCasesTest.kt:79:22 Suspend function 'suspend fun invoke(playlistId: String): List<PlaylistTrack>' can only be called from a coroutine or another suspend function.
e: file:///run/media/quynguyen/New%20Volume/PhatTrienUngDungTrenThietBiDiDong_Android/Blesstify/app/src/main/java/com/example/blesstify/domain/test/UseCasesTest.kt:80:9 Unresolved reference 'assertEquals'.
e: file:///run/media/quynguyen/New%20Volume/PhatTrienUngDungTrenThietBiDiDong_Android/Blesstify/app/src/main/java/com/example/blesstify/domain/test/UseCasesTest.kt:81:9 Unresolved reference 'assertEquals'.
e: file:///run/media/quynguyen/New%20Volume/PhatTrienUngDungTrenThietBiDiDong_Android/Blesstify/app/src/main/java/com/example/blesstify/domain/test/UseCasesTest.kt:84:6 Unresolved reference 'Test'.
e: file:///run/media/quynguyen/New%20Volume/PhatTrienUngDungTrenThietBiDiDong_Android/Blesstify/app/src/main/java/com/example/blesstify/domain/test/UseCasesTest.kt:85:51 Unresolved reference 'runTest'.
e: file:///run/media/quynguyen/New%20Volume/PhatTrienUngDungTrenThietBiDiDong_Android/Blesstify/app/src/main/java/com/example/blesstify/domain/test/UseCasesTest.kt:92:33 Class '<anonymous>' is not abstract and does not implement abstract member:
e: file:///run/media/quynguyen/New%20Volume/PhatTrienUngDungTrenThietBiDiDong_Android/Blesstify/app/src/main/java/com/example/blesstify/domain/test/UseCasesTest.kt:93:49 Unresolved reference 'ListeningHistory'.
e: file:///run/media/quynguyen/New%20Volume/PhatTrienUngDungTrenThietBiDiDong_Android/Blesstify/app/src/main/java/com/example/blesstify/domain/test/UseCasesTest.kt:94:13 'logHistory' overrides nothing. Potential signatures for overriding:
e: file:///run/media/quynguyen/New%20Volume/PhatTrienUngDungTrenThietBiDiDong_Android/Blesstify/app/src/main/java/com/example/blesstify/domain/test/UseCasesTest.kt:94:67 Unresolved reference 'ListeningHistory'.
e: file:///run/media/quynguyen/New%20Volume/PhatTrienUngDungTrenThietBiDiDong_Android/Blesstify/app/src/main/java/com/example/blesstify/domain/test/UseCasesTest.kt:95:74 Return type of 'getHistory' is not a subtype of the return type of the overridden member 'suspend fun getHistory(userId: String, limit: Int = ...): List<ListeningHistory>' defined in 'com/example/blesstify/domain/repository/HistoryRepository'.
e: file:///run/media/quynguyen/New%20Volume/PhatTrienUngDungTrenThietBiDiDong_Android/Blesstify/app/src/main/java/com/example/blesstify/domain/test/UseCasesTest.kt:95:79 Unresolved reference 'ListeningHistory'.
e: file:///run/media/quynguyen/New%20Volume/PhatTrienUngDungTrenThietBiDiDong_Android/Blesstify/app/src/main/java/com/example/blesstify/domain/test/UseCasesTest.kt:95:107 Cannot infer type for this parameter. Specify it explicitly.
e: file:///run/media/quynguyen/New%20Volume/PhatTrienUngDungTrenThietBiDiDong_Android/Blesstify/app/src/main/java/com/example/blesstify/domain/test/UseCasesTest.kt:95:107 Not enough information to infer type argument for 'T'.
e: file:///run/media/quynguyen/New%20Volume/PhatTrienUngDungTrenThietBiDiDong_Android/Blesstify/app/src/main/java/com/example/blesstify/domain/test/UseCasesTest.kt:101:59 Unresolved reference 'Song'.
e: file:///run/media/quynguyen/New%20Volume/PhatTrienUngDungTrenThietBiDiDong_Android/Blesstify/app/src/main/java/com/example/blesstify/domain/test/UseCasesTest.kt:101:67 Unresolved reference 'Song'.
e: file:///run/media/quynguyen/New%20Volume/PhatTrienUngDungTrenThietBiDiDong_Android/Blesstify/app/src/main/java/com/example/blesstify/domain/test/UseCasesTest.kt:102:72 Return type of 'getSongsByIds' is not a subtype of the return type of the overridden member 'suspend fun getSongsByIds(songIds: List<String>): List<Song>' defined in 'com/example/blesstify/domain/repository/SongRepository'.
e: file:///run/media/quynguyen/New%20Volume/PhatTrienUngDungTrenThietBiDiDong_Android/Blesstify/app/src/main/java/com/example/blesstify/domain/test/UseCasesTest.kt:102:77 Unresolved reference 'Song'.
e: file:///run/media/quynguyen/New%20Volume/PhatTrienUngDungTrenThietBiDiDong_Android/Blesstify/app/src/main/java/com/example/blesstify/domain/test/UseCasesTest.kt:102:93 Cannot infer type for this parameter. Specify it explicitly.
e: file:///run/media/quynguyen/New%20Volume/PhatTrienUngDungTrenThietBiDiDong_Android/Blesstify/app/src/main/java/com/example/blesstify/domain/test/UseCasesTest.kt:102:99 Unresolved reference 'Song'.
e: file:///run/media/quynguyen/New%20Volume/PhatTrienUngDungTrenThietBiDiDong_Android/Blesstify/app/src/main/java/com/example/blesstify/domain/test/UseCasesTest.kt:112:9 Suspend function 'suspend fun invoke(userId: String, songId: String): Unit' can only be called from a coroutine or another suspend function.
e: file:///run/media/quynguyen/New%20Volume/PhatTrienUngDungTrenThietBiDiDong_Android/Blesstify/app/src/main/java/com/example/blesstify/domain/test/UseCasesTest.kt:113:9 Suspend function 'suspend fun invoke(userId: String, item: ListeningHistory): Unit' can only be called from a coroutine or another suspend function.
e: file:///run/media/quynguyen/New%20Volume/PhatTrienUngDungTrenThietBiDiDong_Android/Blesstify/app/src/main/java/com/example/blesstify/domain/test/UseCasesTest.kt:113:30 Unresolved reference 'ListeningHistory'.
e: file:///run/media/quynguyen/New%20Volume/PhatTrienUngDungTrenThietBiDiDong_Android/Blesstify/app/src/main/java/com/example/blesstify/domain/test/UseCasesTest.kt:115:9 Unresolved reference 'assertEquals'.
e: file:///run/media/quynguyen/New%20Volume/PhatTrienUngDungTrenThietBiDiDong_Android/Blesstify/app/src/main/java/com/example/blesstify/domain/test/UseCasesTest.kt:115:40 Suspend function 'suspend fun invoke(userId: String): List<String>' can only be called from a coroutine or another suspend function.
e: file:///run/media/quynguyen/New%20Volume/PhatTrienUngDungTrenThietBiDiDong_Android/Blesstify/app/src/main/java/com/example/blesstify/domain/test/UseCasesTest.kt:116:9 Unresolved reference 'assertEquals'.
e: file:///run/media/quynguyen/New%20Volume/PhatTrienUngDungTrenThietBiDiDong_Android/Blesstify/app/src/main/java/com/example/blesstify/domain/test/UseCasesTest.kt:116:25 Suspend function 'suspend fun invoke(userId: String, limit: Int = ...): List<ListeningHistory>' can only be called from a coroutine or another suspend function.
e: file:///run/media/quynguyen/New%20Volume/PhatTrienUngDungTrenThietBiDiDong_Android/Blesstify/app/src/main/java/com/example/blesstify/domain/test/UseCasesTest.kt:117:9 Unresolved reference 'assertEquals'.
e: file:///run/media/quynguyen/New%20Volume/PhatTrienUngDungTrenThietBiDiDong_Android/Blesstify/app/src/main/java/com/example/blesstify/domain/test/UseCasesTest.kt:117:28 Suspend function 'suspend fun invoke(userId: String): Recommendation?' can only be called from a coroutine or another suspend function.
e: file:///run/media/quynguyen/New%20Volume/PhatTrienUngDungTrenThietBiDiDong_Android/Blesstify/app/src/main/java/com/example/blesstify/domain/test/UseCasesTest.kt:118:9 Unresolved reference 'assertEquals'.
e: file:///run/media/quynguyen/New%20Volume/PhatTrienUngDungTrenThietBiDiDong_Android/Blesstify/app/src/main/java/com/example/blesstify/domain/test/UseCasesTest.kt:118:32 Suspend function 'suspend fun invoke(songId: String): Song?' can only be called from a coroutine or another suspend function.
e: file:///run/media/quynguyen/New%20Volume/PhatTrienUngDungTrenThietBiDiDong_Android/Blesstify/app/src/main/java/com/example/blesstify/ui/navigation/BlesstifyNavGraph.kt:67:17 No value passed for parameter 'onNavigateToMain'.
